  046 Print Letters from A to Z.cpp
C:\Users\mohmmad sleet\source\repos\046 Print Letters from A to Z\046 Print Letters from A to Z\046 Print Letters from A to Z.cpp(10,32): error C2679: binary '<<': no operator found which takes a right-hand operand of type 'overloaded-function' (or there is no acceptable conversion)
  C:\Program Files\Microsoft Visual Studio\2022\Community\VC\Tools\MSVC\14.39.33519\include\ostream(480,39):
  could be 'std::basic_ostream<char,std::char_traits<char>> &std::basic_ostream<char,std::char_traits<char>>::operator <<(std::basic_streambuf<char,std::char_traits<char>> *)'
  	C:\Users\mohmmad sleet\source\repos\046 Print Letters from A to Z\046 Print Letters from A to Z\046 Print Letters from A to Z.cpp(10,32):
  	'std::basic_ostream<char,std::char_traits<char>> &std::basic_ostream<char,std::char_traits<char>>::operator <<(std::basic_streambuf<char,std::char_traits<char>> *)': cannot convert argument 2 from 'overloaded-function' to 'std::basic_streambuf<char,std::char_traits<char>> *'
  		C:\Users\mohmmad sleet\source\repos\046 Print Letters from A to Z\046 Print Letters from A to Z\046 Print Letters from A to Z.cpp(10,41):
  		Context does not allow for disambiguation of overloaded function
  C:\Program Files\Microsoft Visual Studio\2022\Community\VC\Tools\MSVC\14.39.33519\include\ostream(448,39):
  or       'std::basic_ostream<char,std::char_traits<char>> &std::basic_ostream<char,std::char_traits<char>>::operator <<(const void *)'
  	C:\Users\mohmmad sleet\source\repos\046 Print Letters from A to Z\046 Print Letters from A to Z\046 Print Letters from A to Z.cpp(10,32):
  	'std::basic_ostream<char,std::char_traits<char>> &std::basic_ostream<char,std::char_traits<char>>::operator <<(const void *)': cannot convert argument 2 from 'overloaded-function' to 'const void *'
  		C:\Users\mohmmad sleet\source\repos\046 Print Letters from A to Z\046 Print Letters from A to Z\046 Print Letters from A to Z.cpp(10,41):
  		Context does not allow for disambiguation of overloaded function
  C:\Program Files\Microsoft Visual Studio\2022\Community\VC\Tools\MSVC\14.39.33519\include\ostream(430,39):
  or       'std::basic_ostream<char,std::char_traits<char>> &std::basic_ostream<char,std::char_traits<char>>::operator <<(long double)'
  	C:\Users\mohmmad sleet\source\repos\046 Print Letters from A to Z\046 Print Letters from A to Z\046 Print Letters from A to Z.cpp(10,32):
  	'std::basic_ostream<char,std::char_traits<char>> &std::basic_ostream<char,std::char_traits<char>>::operator <<(long double)': cannot convert argument 2 from 'overloaded-function' to 'long double'
  		C:\Users\mohmmad sleet\source\repos\046 Print Letters from A to Z\046 Print Letters from A to Z\046 Print Letters from A to Z.cpp(10,41):
  		Context does not allow for disambiguation of overloaded function
  C:\Program Files\Microsoft Visual Studio\2022\Community\VC\Tools\MSVC\14.39.33519\include\ostream(412,39):
  or       'std::basic_ostream<char,std::char_traits<char>> &std::basic_ostream<char,std::char_traits<char>>::operator <<(double)'
  	C:\Users\mohmmad sleet\source\repos\046 Print Letters from A to Z\046 Print Letters from A to Z\046 Print Letters from A to Z.cpp(10,32):
  	'std::basic_ostream<char,std::char_traits<char>> &std::basic_ostream<char,std::char_traits<char>>::operator <<(double)': cannot convert argument 2 from 'overloaded-function' to 'double'
  		C:\Users\mohmmad sleet\source\repos\046 Print Letters from A to Z\046 Print Letters from A to Z\046 Print Letters from A to Z.cpp(10,41):
  		Context does not allow for disambiguation of overloaded function
  C:\Program Files\Microsoft Visual Studio\2022\Community\VC\Tools\MSVC\14.39.33519\include\ostream(394,39):
  or       'std::basic_ostream<char,std::char_traits<char>> &std::basic_ostream<char,std::char_traits<char>>::operator <<(float)'
  	C:\Users\mohmmad sleet\source\repos\046 Print Letters from A to Z\046 Print Letters from A to Z\046 Print Letters from A to Z.cpp(10,32):
  	'std::basic_ostream<char,std::char_traits<char>> &std::basic_ostream<char,std::char_traits<char>>::operator <<(float)': cannot convert argument 2 from 'overloaded-function' to 'float'
  		C:\Users\mohmmad sleet\source\repos\046 Print Letters from A to Z\046 Print Letters from A to Z\046 Print Letters from A to Z.cpp(10,41):
  		Context does not allow for disambiguation of overloaded function
  C:\Program Files\Microsoft Visual Studio\2022\Community\VC\Tools\MSVC\14.39.33519\include\ostream(376,39):
  or       'std::basic_ostream<char,std::char_traits<char>> &std::basic_ostream<char,std::char_traits<char>>::operator <<(unsigned __int64)'
  	C:\Users\mohmmad sleet\source\repos\046 Print Letters from A to Z\046 Print Letters from A to Z\046 Print Letters from A to Z.cpp(10,32):
  	'std::basic_ostream<char,std::char_traits<char>> &std::basic_ostream<char,std::char_traits<char>>::operator <<(unsigned __int64)': cannot convert argument 2 from 'overloaded-function' to 'unsigned __int64'
  		C:\Users\mohmmad sleet\source\repos\046 Print Letters from A to Z\046 Print Letters from A to Z\046 Print Letters from A to Z.cpp(10,41):
  		Context does not allow for disambiguation of overloaded function
  C:\Program Files\Microsoft Visual Studio\2022\Community\VC\Tools\MSVC\14.39.33519\include\ostream(358,39):
  or       'std::basic_ostream<char,std::char_traits<char>> &std::basic_ostream<char,std::char_traits<char>>::operator <<(__int64)'
  	C:\Users\mohmmad sleet\source\repos\046 Print Letters from A to Z\046 Print Letters from A to Z\046 Print Letters from A to Z.cpp(10,32):
  	'std::basic_ostream<char,std::char_traits<char>> &std::basic_ostream<char,std::char_traits<char>>::operator <<(__int64)': cannot convert argument 2 from 'overloaded-function' to '__int64'
  		C:\Users\mohmmad sleet\source\repos\046 Print Letters from A to Z\046 Print Letters from A to Z\046 Print Letters from A to Z.cpp(10,41):
  		Context does not allow for disambiguation of overloaded function
  C:\Program Files\Microsoft Visual Studio\2022\Community\VC\Tools\MSVC\14.39.33519\include\ostream(340,39):
  or       'std::basic_ostream<char,std::char_traits<char>> &std::basic_ostream<char,std::char_traits<char>>::operator <<(unsigned long)'
  	C:\Users\mohmmad sleet\source\repos\046 Print Letters from A to Z\046 Print Letters from A to Z\046 Print Letters from A to Z.cpp(10,32):
  	'std::basic_ostream<char,std::char_traits<char>> &std::basic_ostream<char,std::char_traits<char>>::operator <<(unsigned long)': cannot convert argument 2 from 'overloaded-function' to 'unsigned long'
  		C:\Users\mohmmad sleet\source\repos\046 Print Letters from A to Z\046 Print Letters from A to Z\046 Print Letters from A to Z.cpp(10,41):
  		Context does not allow for disambiguation of overloaded function
  C:\Program Files\Microsoft Visual Studio\2022\Community\VC\Tools\MSVC\14.39.33519\include\ostream(322,39):
  or       'std::basic_ostream<char,std::char_traits<char>> &std::basic_ostream<char,std::char_traits<char>>::operator <<(long)'
  	C:\Users\mohmmad sleet\source\repos\046 Print Letters from A to Z\046 Print Letters from A to Z\046 Print Letters from A to Z.cpp(10,32):
  	'std::basic_ostream<char,std::char_traits<char>> &std::basic_ostream<char,std::char_traits<char>>::operator <<(long)': cannot convert argument 2 from 'overloaded-function' to 'long'
  		C:\Users\mohmmad sleet\source\repos\046 Print Letters from A to Z\046 Print Letters from A to Z\046 Print Letters from A to Z.cpp(10,41):
  		Context does not allow for disambiguation of overloaded function
  C:\Program Files\Microsoft Visual Studio\2022\Community\VC\Tools\MSVC\14.39.33519\include\ostream(303,39):
  or       'std::basic_ostream<char,std::char_traits<char>> &std::basic_ostream<char,std::char_traits<char>>::operator <<(unsigned int)'
  	C:\Users\mohmmad sleet\source\repos\046 Print Letters from A to Z\046 Print Letters from A to Z\046 Print Letters from A to Z.cpp(10,32):
  	'std::basic_ostream<char,std::char_traits<char>> &std::basic_ostream<char,std::char_traits<char>>::operator <<(unsigned int)': cannot convert argument 2 from 'overloaded-function' to 'unsigned int'
  		C:\Users\mohmmad sleet\source\repos\046 Print Letters from A to Z\046 Print Letters from A to Z\046 Print Letters from A to Z.cpp(10,41):
  		Context does not allow for disambiguation of overloaded function
  C:\Program Files\Microsoft Visual Studio\2022\Community\VC\Tools\MSVC\14.39.33519\include\ostream(277,39):
  or       'std::basic_ostream<char,std::char_traits<char>> &std::basic_ostream<char,std::char_traits<char>>::operator <<(int)'
  	C:\Users\mohmmad sleet\source\repos\046 Print Letters from A to Z\046 Print Letters from A to Z\046 Print Letters from A to Z.cpp(10,32):
  	'std::basic_ostream<char,std::char_traits<char>> &std::basic_ostream<char,std::char_traits<char>>::operator <<(int)': cannot convert argument 2 from 'overloaded-function' to 'int'
  		C:\Users\mohmmad sleet\source\repos\046 Print Letters from A to Z\046 Print Letters from A to Z\046 Print Letters from A to Z.cpp(10,41):
  		Context does not allow for disambiguation of overloaded function
  C:\Program Files\Microsoft Visual Studio\2022\Community\VC\Tools\MSVC\14.39.33519\include\ostream(258,39):
  or       'std::basic_ostream<char,std::char_traits<char>> &std::basic_ostream<char,std::char_traits<char>>::operator <<(unsigned short)'
  	C:\Users\mohmmad sleet\source\repos\046 Print Letters from A to Z\046 Print Letters from A to Z\046 Print Letters from A to Z.cpp(10,32):
  	'std::basic_ostream<char,std::char_traits<char>> &std::basic_ostream<char,std::char_traits<char>>::operator <<(unsigned short)': cannot convert argument 2 from 'overloaded-function' to 'unsigned short'
  		C:\Users\mohmmad sleet\source\repos\046 Print Letters from A to Z\046 Print Letters from A to Z\046 Print Letters from A to Z.cpp(10,41):
  		Context does not allow for disambiguation of overloaded function
  C:\Program Files\Microsoft Visual Studio\2022\Community\VC\Tools\MSVC\14.39.33519\include\ostream(224,39):
  or       'std::basic_ostream<char,std::char_traits<char>> &std::basic_ostream<char,std::char_traits<char>>::operator <<(short)'
  	C:\Users\mohmmad sleet\source\repos\046 Print Letters from A to Z\046 Print Letters from A to Z\046 Print Letters from A to Z.cpp(10,32):
  	'std::basic_ostream<char,std::char_traits<char>> &std::basic_ostream<char,std::char_traits<char>>::operator <<(short)': cannot convert argument 2 from 'overloaded-function' to 'short'
  		C:\Users\mohmmad sleet\source\repos\046 Print Letters from A to Z\046 Print Letters from A to Z\046 Print Letters from A to Z.cpp(10,41):
  		Context does not allow for disambiguation of overloaded function
  C:\Program Files\Microsoft Visual Studio\2022\Community\VC\Tools\MSVC\14.39.33519\include\ostream(206,39):
  or       'std::basic_ostream<char,std::char_traits<char>> &std::basic_ostream<char,std::char_traits<char>>::operator <<(bool)'
  	C:\Users\mohmmad sleet\source\repos\046 Print Letters from A to Z\046 Print Letters from A to Z\046 Print Letters from A to Z.cpp(10,32):
  	'std::basic_ostream<char,std::char_traits<char>> &std::basic_ostream<char,std::char_traits<char>>::operator <<(bool)': cannot convert argument 2 from 'overloaded-function' to 'bool'
  		C:\Users\mohmmad sleet\source\repos\046 Print Letters from A to Z\046 Print Letters from A to Z\046 Print Letters from A to Z.cpp(10,41):
  		Context does not allow for disambiguation of overloaded function
  C:\Program Files\Microsoft Visual Studio\2022\Community\VC\Tools\MSVC\14.39.33519\include\ostream(200,39):
  or       'std::basic_ostream<char,std::char_traits<char>> &std::basic_ostream<char,std::char_traits<char>>::operator <<(std::ios_base &(__cdecl *)(std::ios_base &))'
  	C:\Users\mohmmad sleet\source\repos\046 Print Letters from A to Z\046 Print Letters from A to Z\046 Print Letters from A to Z.cpp(10,32):
  	'std::basic_ostream<char,std::char_traits<char>> &std::basic_ostream<char,std::char_traits<char>>::operator <<(std::ios_base &(__cdecl *)(std::ios_base &))': cannot convert argument 2 from 'overloaded-function' to 'std::ios_base &(__cdecl *)(std::ios_base &)'
  		C:\Users\mohmmad sleet\source\repos\046 Print Letters from A to Z\046 Print Letters from A to Z\046 Print Letters from A to Z.cpp(10,41):
  		None of the functions with this name in scope match the target type
  C:\Program Files\Microsoft Visual Studio\2022\Community\VC\Tools\MSVC\14.39.33519\include\ostream(194,39):
  or       'std::basic_ostream<char,std::char_traits<char>> &std::basic_ostream<char,std::char_traits<char>>::operator <<(std::basic_ios<char,std::char_traits<char>> &(__cdecl *)(std::basic_ios<char,std::char_traits<char>> &))'
  	C:\Users\mohmmad sleet\source\repos\046 Print Letters from A to Z\046 Print Letters from A to Z\046 Print Letters from A to Z.cpp(10,32):
  	'std::basic_ostream<char,std::char_traits<char>> &std::basic_ostream<char,std::char_traits<char>>::operator <<(std::basic_ios<char,std::char_traits<char>> &(__cdecl *)(std::basic_ios<char,std::char_traits<char>> &))': cannot convert argument 2 from 'overloaded-function' to 'std::basic_ios<char,std::char_traits<char>> &(__cdecl *)(std::basic_ios<char,std::char_traits<char>> &)'
  		C:\Users\mohmmad sleet\source\repos\046 Print Letters from A to Z\046 Print Letters from A to Z\046 Print Letters from A to Z.cpp(10,41):
  		None of the functions with this name in scope match the target type
  C:\Program Files\Microsoft Visual Studio\2022\Community\VC\Tools\MSVC\14.39.33519\include\ostream(189,39):
  or       'std::basic_ostream<char,std::char_traits<char>> &std::basic_ostream<char,std::char_traits<char>>::operator <<(std::basic_ostream<char,std::char_traits<char>> &(__cdecl *)(std::basic_ostream<char,std::char_traits<char>> &))'
  	C:\Users\mohmmad sleet\source\repos\046 Print Letters from A to Z\046 Print Letters from A to Z\046 Print Letters from A to Z.cpp(10,32):
  	'std::basic_ostream<char,std::char_traits<char>> &std::basic_ostream<char,std::char_traits<char>>::operator <<(std::basic_ostream<char,std::char_traits<char>> &(__cdecl *)(std::basic_ostream<char,std::char_traits<char>> &))': cannot convert argument 2 from 'overloaded-function' to 'std::basic_ostream<char,std::char_traits<char>> &(__cdecl *)(std::basic_ostream<char,std::char_traits<char>> &)'
  		C:\Users\mohmmad sleet\source\repos\046 Print Letters from A to Z\046 Print Letters from A to Z\046 Print Letters from A to Z.cpp(10,41):
  		None of the functions with this name in scope match the target type
  C:\Program Files\Microsoft Visual Studio\2022\Community\VC\Tools\MSVC\14.39.33519\include\ostream(892,32):
  or       'std::basic_ostream<char,std::char_traits<char>> &std::operator <<<char,std::char_traits<char>>(std::basic_ostream<char,std::char_traits<char>> &,_Elem)'
          with
          [
              _Elem=char
          ]
  	C:\Users\mohmmad sleet\source\repos\046 Print Letters from A to Z\046 Print Letters from A to Z\046 Print Letters from A to Z.cpp(10,32):
  	'std::basic_ostream<char,std::char_traits<char>> &std::operator <<<char,std::char_traits<char>>(std::basic_ostream<char,std::char_traits<char>> &,_Elem)': cannot convert argument 2 from 'overloaded-function' to '_Elem'
          with
          [
              _Elem=char
          ]
  		C:\Users\mohmmad sleet\source\repos\046 Print Letters from A to Z\046 Print Letters from A to Z\046 Print Letters from A to Z.cpp(10,41):
  		Context does not allow for disambiguation of overloaded function
  C:\Program Files\Microsoft Visual Studio\2022\Community\VC\Tools\MSVC\14.39.33519\include\ostream(849,32):
  or       'std::basic_ostream<char,std::char_traits<char>> &std::operator <<<char,std::char_traits<char>>(std::basic_ostream<char,std::char_traits<char>> &,const _Elem *)'
          with
          [
              _Elem=char
          ]
  	C:\Users\mohmmad sleet\source\repos\046 Print Letters from A to Z\046 Print Letters from A to Z\046 Print Letters from A to Z.cpp(10,32):
  	'std::basic_ostream<char,std::char_traits<char>> &std::operator <<<char,std::char_traits<char>>(std::basic_ostream<char,std::char_traits<char>> &,const _Elem *)': cannot convert argument 2 from 'overloaded-function' to 'const _Elem *'
          with
          [
              _Elem=char
          ]
  		C:\Users\mohmmad sleet\source\repos\046 Print Letters from A to Z\046 Print Letters from A to Z\046 Print Letters from A to Z.cpp(10,41):
  		Context does not allow for disambiguation of overloaded function
  C:\Program Files\Microsoft Visual Studio\2022\Community\VC\Tools\MSVC\14.39.33519\include\ostream(1080,32):
  or       'std::basic_ostream<_Elem,_Traits> &std::operator <<(std::basic_ostream<_Elem,_Traits> &,const std::error_code &)'
  	C:\Users\mohmmad sleet\source\repos\046 Print Letters from A to Z\046 Print Letters from A to Z\046 Print Letters from A to Z.cpp(10,41):
  	'initializing': cannot convert from 'overloaded-function' to 'const std::error_code &'
  		C:\Users\mohmmad sleet\source\repos\046 Print Letters from A to Z\046 Print Letters from A to Z\046 Print Letters from A to Z.cpp(10,41):
  		Reason: cannot convert from 'overloaded-function' to 'const std::error_code'
  		C:\Users\mohmmad sleet\source\repos\046 Print Letters from A to Z\046 Print Letters from A to Z\046 Print Letters from A to Z.cpp(10,41):
  		'std::error_code::error_code': no overloaded function could convert all the argument types
  			C:\Program Files\Microsoft Visual Studio\2022\Community\VC\Tools\MSVC\14.39.33519\include\system_error(260,1):
  			could be 'std::error_code::error_code(std::error_code &&)'
  				C:\Users\mohmmad sleet\source\repos\046 Print Letters from A to Z\046 Print Letters from A to Z\046 Print Letters from A to Z.cpp(10,41):
  				'std::error_code::error_code(std::error_code &&)': cannot convert argument 1 from 'overloaded-function' to 'std::error_code &&'
  					C:\Users\mohmmad sleet\source\repos\046 Print Letters from A to Z\046 Print Letters from A to Z\046 Print Letters from A to Z.cpp(10,41):
  					Reason: cannot convert from 'overloaded-function' to 'std::error_code'
  					C:\Users\mohmmad sleet\source\repos\046 Print Letters from A to Z\046 Print Letters from A to Z\046 Print Letters from A to Z.cpp(10,41):
  					Conversion requires a second user-defined-conversion operator or constructor
  			C:\Program Files\Microsoft Visual Studio\2022\Community\VC\Tools\MSVC\14.39.33519\include\system_error(260,1):
  			or       'std::error_code::error_code(const std::error_code &)'
  				C:\Users\mohmmad sleet\source\repos\046 Print Letters from A to Z\046 Print Letters from A to Z\046 Print Letters from A to Z.cpp(10,41):
  				'std::error_code::error_code(const std::error_code &)': cannot convert argument 1 from 'overloaded-function' to 'const std::error_code &'
  					C:\Users\mohmmad sleet\source\repos\046 Print Letters from A to Z\046 Print Letters from A to Z\046 Print Letters from A to Z.cpp(10,41):
  					Reason: cannot convert from 'overloaded-function' to 'const std::error_code'
  					C:\Users\mohmmad sleet\source\repos\046 Print Letters from A to Z\046 Print Letters from A to Z\046 Print Letters from A to Z.cpp(10,41):
  					Conversion requires a second user-defined-conversion operator or constructor
  			C:\Program Files\Microsoft Visual Studio\2022\Community\VC\Tools\MSVC\14.39.33519\include\system_error(173,5):
  			or       'std::error_code::error_code(int,const std::error_category &) noexcept'
  				C:\Users\mohmmad sleet\source\repos\046 Print Letters from A to Z\046 Print Letters from A to Z\046 Print Letters from A to Z.cpp(10,41):
  				'std::error_code::error_code': function does not take 1 arguments
  			C:\Program Files\Microsoft Visual Studio\2022\Community\VC\Tools\MSVC\14.39.33519\include\system_error(171,5):
  			or       'std::error_code::error_code(void) noexcept'
  				C:\Users\mohmmad sleet\source\repos\046 Print Letters from A to Z\046 Print Letters from A to Z\046 Print Letters from A to Z.cpp(10,41):
  				'std::error_code::error_code': function does not take 1 arguments
  			C:\Program Files\Microsoft Visual Studio\2022\Community\VC\Tools\MSVC\14.39.33519\include\system_error(176,5):
  			or       'std::error_code::error_code(_Enum) noexcept'
  			C:\Users\mohmmad sleet\source\repos\046 Print Letters from A to Z\046 Print Letters from A to Z\046 Print Letters from A to Z.cpp(10,41):
  			while trying to match the argument list '(overloaded-function)'
  C:\Program Files\Microsoft Visual Studio\2022\Community\VC\Tools\MSVC\14.39.33519\include\ostream(1003,9):
  or       '_Ostr &&std::operator <<(_Ostr &&,const _Ty &)'
  	C:\Users\mohmmad sleet\source\repos\046 Print Letters from A to Z\046 Print Letters from A to Z\046 Print Letters from A to Z.cpp(10,32):
  	'_Ostr &&std::operator <<(_Ostr &&,const _Ty &)': could not deduce template argument for '_Ty'
  C:\Program Files\Microsoft Visual Studio\2022\Community\VC\Tools\MSVC\14.39.33519\include\ostream(945,31):
  or       'std::basic_ostream<char,_Traits> &std::operator <<(std::basic_ostream<char,_Traits> &,unsigned char)'
  	C:\Users\mohmmad sleet\source\repos\046 Print Letters from A to Z\046 Print Letters from A to Z\046 Print Letters from A to Z.cpp(10,41):
  	'initializing': cannot convert from 'overloaded-function' to 'unsigned char'
  		C:\Users\mohmmad sleet\source\repos\046 Print Letters from A to Z\046 Print Letters from A to Z\046 Print Letters from A to Z.cpp(10,41):
  		Context does not allow for disambiguation of overloaded function
  C:\Program Files\Microsoft Visual Studio\2022\Community\VC\Tools\MSVC\14.39.33519\include\ostream(939,31):
  or       'std::basic_ostream<char,_Traits> &std::operator <<(std::basic_ostream<char,_Traits> &,const unsigned char *)'
  	C:\Users\mohmmad sleet\source\repos\046 Print Letters from A to Z\046 Print Letters from A to Z\046 Print Letters from A to Z.cpp(10,41):
  	'initializing': cannot convert from 'overloaded-function' to 'const unsigned char *'
  		C:\Users\mohmmad sleet\source\repos\046 Print Letters from A to Z\046 Print Letters from A to Z\046 Print Letters from A to Z.cpp(10,41):
  		Context does not allow for disambiguation of overloaded function
  C:\Program Files\Microsoft Visual Studio\2022\Community\VC\Tools\MSVC\14.39.33519\include\ostream(934,31):
  or       'std::basic_ostream<char,_Traits> &std::operator <<(std::basic_ostream<char,_Traits> &,signed char)'
  	C:\Users\mohmmad sleet\source\repos\046 Print Letters from A to Z\046 Print Letters from A to Z\046 Print Letters from A to Z.cpp(10,41):
  	'initializing': cannot convert from 'overloaded-function' to 'signed char'
  		C:\Users\mohmmad sleet\source\repos\046 Print Letters from A to Z\046 Print Letters from A to Z\046 Print Letters from A to Z.cpp(10,41):
  		Context does not allow for disambiguation of overloaded function
  C:\Program Files\Microsoft Visual Studio\2022\Community\VC\Tools\MSVC\14.39.33519\include\ostream(928,31):
  or       'std::basic_ostream<char,_Traits> &std::operator <<(std::basic_ostream<char,_Traits> &,const signed char *)'
  	C:\Users\mohmmad sleet\source\repos\046 Print Letters from A to Z\046 Print Letters from A to Z\046 Print Letters from A to Z.cpp(10,41):
  	'initializing': cannot convert from 'overloaded-function' to 'const signed char *'
  		C:\Users\mohmmad sleet\source\repos\046 Print Letters from A to Z\046 Print Letters from A to Z\046 Print Letters from A to Z.cpp(10,41):
  		Context does not allow for disambiguation of overloaded function
  C:\Program Files\Microsoft Visual Studio\2022\Community\VC\Tools\MSVC\14.39.33519\include\ostream(811,31):
  or       'std::basic_ostream<char,_Traits> &std::operator <<(std::basic_ostream<char,_Traits> &,char)'
  	C:\Users\mohmmad sleet\source\repos\046 Print Letters from A to Z\046 Print Letters from A to Z\046 Print Letters from A to Z.cpp(10,41):
  	'initializing': cannot convert from 'overloaded-function' to 'char'
  		C:\Users\mohmmad sleet\source\repos\046 Print Letters from A to Z\046 Print Letters from A to Z\046 Print Letters from A to Z.cpp(10,41):
  		Context does not allow for disambiguation of overloaded function
  C:\Program Files\Microsoft Visual Studio\2022\Community\VC\Tools\MSVC\14.39.33519\include\ostream(766,31):
  or       'std::basic_ostream<char,_Traits> &std::operator <<(std::basic_ostream<char,_Traits> &,const char *)'
  	C:\Users\mohmmad sleet\source\repos\046 Print Letters from A to Z\046 Print Letters from A to Z\046 Print Letters from A to Z.cpp(10,41):
  	'initializing': cannot convert from 'overloaded-function' to 'const char *'
  		C:\Users\mohmmad sleet\source\repos\046 Print Letters from A to Z\046 Print Letters from A to Z\046 Print Letters from A to Z.cpp(10,41):
  		Context does not allow for disambiguation of overloaded function
  C:\Program Files\Microsoft Visual Studio\2022\Community\VC\Tools\MSVC\14.39.33519\include\ostream(730,32):
  or       'std::basic_ostream<_Elem,_Traits> &std::operator <<(std::basic_ostream<_Elem,_Traits> &,char)'
  	C:\Users\mohmmad sleet\source\repos\046 Print Letters from A to Z\046 Print Letters from A to Z\046 Print Letters from A to Z.cpp(10,41):
  	'initializing': cannot convert from 'overloaded-function' to 'char'
  		C:\Users\mohmmad sleet\source\repos\046 Print Letters from A to Z\046 Print Letters from A to Z\046 Print Letters from A to Z.cpp(10,41):
  		Context does not allow for disambiguation of overloaded function
  C:\Program Files\Microsoft Visual Studio\2022\Community\VC\Tools\MSVC\14.39.33519\include\ostream(686,32):
  or       'std::basic_ostream<_Elem,_Traits> &std::operator <<(std::basic_ostream<_Elem,_Traits> &,const char *)'
  	C:\Users\mohmmad sleet\source\repos\046 Print Letters from A to Z\046 Print Letters from A to Z\046 Print Letters from A to Z.cpp(10,41):
  	'initializing': cannot convert from 'overloaded-function' to 'const char *'
  		C:\Users\mohmmad sleet\source\repos\046 Print Letters from A to Z\046 Print Letters from A to Z\046 Print Letters from A to Z.cpp(10,41):
  		Context does not allow for disambiguation of overloaded function
  C:\Program Files\Microsoft Visual Studio\2022\Community\VC\Tools\MSVC\14.39.33519\include\memory(3598,32):
  or       'std::basic_ostream<_Elem,_Traits> &std::operator <<(std::basic_ostream<_Elem,_Traits> &,const std::unique_ptr<_Ty2,_Dx2> &)'
  	C:\Users\mohmmad sleet\source\repos\046 Print Letters from A to Z\046 Print Letters from A to Z\046 Print Letters from A to Z.cpp(10,32):
  	'std::basic_ostream<_Elem,_Traits> &std::operator <<(std::basic_ostream<_Elem,_Traits> &,const std::unique_ptr<_Ty2,_Dx2> &)': could not deduce template argument for '_Yty'
  	C:\Users\mohmmad sleet\source\repos\046 Print Letters from A to Z\046 Print Letters from A to Z\046 Print Letters from A to Z.cpp(10,32):
  	'std::basic_ostream<_Elem,_Traits> &std::operator <<(std::basic_ostream<_Elem,_Traits> &,const std::unique_ptr<_Ty2,_Dx2> &)': could not deduce template argument for '_Dx'
  C:\Program Files\Microsoft Visual Studio\2022\Community\VC\Tools\MSVC\14.39.33519\include\memory(1946,32):
  or       'std::basic_ostream<_Elem,_Traits> &std::operator <<(std::basic_ostream<_Elem,_Traits> &,const std::shared_ptr<_Ty> &)'
  	C:\Users\mohmmad sleet\source\repos\046 Print Letters from A to Z\046 Print Letters from A to Z\046 Print Letters from A to Z.cpp(10,32):
  	'std::basic_ostream<_Elem,_Traits> &std::operator <<(std::basic_ostream<_Elem,_Traits> &,const std::shared_ptr<_Ty> &)': could not deduce template argument for '_Ty'
  C:\Program Files\Microsoft Visual Studio\2022\Community\VC\Tools\MSVC\14.39.33519\include\xstring(5228,32):
  or       'std::basic_ostream<_Elem,_Traits> &std::operator <<(std::basic_ostream<_Elem,_Traits> &,const std::basic_string<_Elem,_Traits,_Alloc> &)'
  	C:\Users\mohmmad sleet\source\repos\046 Print Letters from A to Z\046 Print Letters from A to Z\046 Print Letters from A to Z.cpp(10,32):
  	'std::basic_ostream<_Elem,_Traits> &std::operator <<(std::basic_ostream<_Elem,_Traits> &,const std::basic_string<_Elem,_Traits,_Alloc> &)': could not deduce template argument for '_Alloc'
  C:\Users\mohmmad sleet\source\repos\046 Print Letters from A to Z\046 Print Letters from A to Z\046 Print Letters from A to Z.cpp(10,32):
  while trying to match the argument list '(std::basic_ostream<char,std::char_traits<char>>, overloaded-function)'
  
